
> causora-day5-ding@0.5.0 test:production
> node --test tests/static-server.test.mjs

TAP version 13
# Subtest: Production preview serves correct source types and keeps source files private
ok 1 - Production preview serves correct source types and keeps source files private
  ---
  duration_ms: 200.300955
  ...
# Subtest: Same-origin preview forwards API bodies and gate headers; unavailable backend fails closed
ok 2 - Same-origin preview forwards API bodies and gate headers; unavailable backend fails closed
  ---
  duration_ms: 175.284418
  ...
# Subtest: Static-only deployment blocks health/API proxying before reaching the configured backend
ok 3 - Static-only deployment blocks health/API proxying before reaching the configured backend
  ---
  duration_ms: 149.576754
  ...
1..3
# tests 3
# suites 0
# pass 3
# fail 0
# cancelled 0
# skipped 0
# todo 0
# duration_ms 687.1055
