
> causora-day5-ding@0.5.0 test
> node --test tests/day1-flow.test.mjs tests/day2-ux.test.mjs tests/simulate-api.test.mjs tests/day4-api.test.mjs tests/golden-health.test.mjs tests/golden-bootstrap.test.mjs tests/toolchain-boundary.test.mjs tests/day5-wang-request-lifecycle.test.mjs

TAP version 13
# Subtest: Contract version and all five stages have the required data
ok 1 - Contract version and all five stages have the required data
  ---
  duration_ms: 2.528274
  ...
# Subtest: Four synthetic source files and the notice register are real packaged artifacts
ok 2 - Four synthetic source files and the notice register are real packaged artifacts
  ---
  duration_ms: 1.198543
  ...
# Subtest: All evidence quotes contain their critical values; EV-019 maps to a variable
ok 3 - All evidence quotes contain their critical values; EV-019 maps to a variable
  ---
  duration_ms: 0.316176
  ...
# Subtest: All five EvidenceRecord quotes match their cited PDF page; wrong quote and page fail
ok 4 - All five EvidenceRecord quotes match their cited PDF page; wrong quote and page fail
  ---
  duration_ms: 158.524858
  ...
# Subtest: Renewal lock requires a real date inequality AND an explicit notice input
ok 5 - Renewal lock requires a real date inequality AND an explicit notice input
  ---
  duration_ms: 0.571942
  ...
# Subtest: Locked forecast mechanism is explicit and the Critic uses matching inputs
ok 6 - Locked forecast mechanism is explicit and the Critic uses matching inputs
  ---
  duration_ms: 0.428908
  ...
# Subtest: Every matrix has each fixed option exactly once and at most one recommended cell
ok 7 - Every matrix has each fixed option exactly once and at most one recommended cell
  ---
  duration_ms: 0.503557
  ...
# Subtest: All 9 formula traces add exactly to their cells without a double-counted uplift
ok 8 - All 9 formula traces add exactly to their cells without a double-counted uplift
  ---
  duration_ms: 0.422307
  ...
# Subtest: Decision Delta is calculated from each selected scenario, not a hard-coded baseline
ok 9 - Decision Delta is calculated from each selected scenario, not a hard-coded baseline
  ---
  duration_ms: 0.365696
  ...
# Subtest: Agent and Critic numerical claims are guarded tokens resolved against the contract
ok 10 - Agent and Critic numerical claims are guarded tokens resolved against the contract
  ---
  duration_ms: 18.864154
  ...
# Subtest: Golden Run is a complete independently serialised snapshot with a valid audit timestamp
ok 11 - Golden Run is a complete independently serialised snapshot with a valid audit timestamp
  ---
  duration_ms: 0.974569
  ...
# Subtest: Frozen workflow preserves Golden, labels unsimulated drafts and blocks stale live approval
ok 12 - Frozen workflow preserves Golden, labels unsimulated drafts and blocks stale live approval
  ---
  duration_ms: 0.578101
  ...
# Subtest: Formula modal identifies a scenario and option; dialog manages Tab, Escape and focus restore
ok 13 - Formula modal identifies a scenario and option; dialog manages Tab, Escape and focus restore
  ---
  duration_ms: 0.341256
  ...
# Subtest: Static start command and mobile status display work without a live backend
ok 14 - Static start command and mobile status display work without a live backend
  ---
  duration_ms: 0.823329
  ...
# Subtest: Runtime validation rejects unknown versions, malformed types and inconsistent accounting
ok 15 - Runtime validation rejects unknown versions, malformed types and inconsistent accounting
  ---
  duration_ms: 6.501049
  ...
# Subtest: Fractional probability differences keep precision; money preserves non-round values
ok 16 - Fractional probability differences keep precision; money preserves non-round values
  ---
  duration_ms: 0.409907
  ...
# Subtest: Guarded text handles cost increases, equality and unbound numbers
ok 17 - Guarded text handles cost increases, equality and unbound numbers
  ---
  duration_ms: 0.722026
  ...
# Subtest: Per-scenario selection, inclusive limits, deterministic ties and no-feasible Brief
ok 18 - Per-scenario selection, inclusive limits, deterministic ties and no-feasible Brief
  ---
  duration_ms: 1.673508
  ...
# Subtest: Golden integrity verification rejects tampering
ok 19 - Golden integrity verification rejects tampering
  ---
  duration_ms: 7.92672
  ...
# Subtest: Synthetic forecast provenance and rolling benchmark remain distinct from total excess
ok 20 - Synthetic forecast provenance and rolling benchmark remain distinct from total excess
  ---
  duration_ms: 0.685627
  ...
# Subtest: Day5 preserves validated live simulation while keeping the saved example explicitly labelled
ok 21 - Day5 preserves validated live simulation while keeping the saved example explicitly labelled
  ---
  duration_ms: 1.234316
  ...
# Subtest: Scenario and option meanings and all fixed Day2 option definitions remain unchanged
ok 22 - Scenario and option meanings and all fixed Day2 option definitions remain unchanged
  ---
  duration_ms: 1.388313
  ...
# Subtest: Risk and cash edits remain drafts until a new request; no stale approval is enabled
ok 23 - Risk and cash edits remain drafts until a new request; no stale approval is enabled
  ---
  duration_ms: 0.307115
  ...
# Subtest: Matrix browsing and option inspection are view-only and preserve the validated live run
ok 24 - Matrix browsing and option inspection are view-only and preserve the validated live run
  ---
  duration_ms: 0.389544
  ...
# Subtest: unreviewed v2 remains visibly non-decision-ready, has no winner styling, and traces weekly provenance
ok 25 - unreviewed v2 remains visibly non-decision-ready, has no winner styling, and traces weekly provenance
  ---
  duration_ms: 1.467228
  ...
# Subtest: Day1/Day2 shared v1 contract, data version, formula and scenario identities remain intact
ok 26 - Day1/Day2 shared v1 contract, data version, formula and scenario identities remain intact
  ---
  duration_ms: 0.500073
  ...
# Subtest: Boardroom success requires reviewed v2, exact run identity, correlated request id, three roles, Critic and Numeric Guardrail
ok 27 - Boardroom success requires reviewed v2, exact run identity, correlated request id, three roles, Critic and Numeric Guardrail
  ---
  duration_ms: 3.116568
  ...
# Subtest: Boardroom metric templates are declared and rendered from the matching Simulation
ok 28 - Boardroom metric templates are declared and rendered from the matching Simulation
  ---
  duration_ms: 24.658097
  ...
# Subtest: Boardroom client posts only v1 identity with no credentials, no-store, explicit request id, and classifies missing endpoint
ok 29 - Boardroom client posts only v1 identity with no credentials, no-store, explicit request id, and classifies missing endpoint
  ---
  duration_ms: 9.293772
  ...
# Subtest: Critic-unavailable and provider failures preserve retry classification without altering simulation
ok 30 - Critic-unavailable and provider failures preserve retry classification without altering simulation
  ---
  duration_ms: 1.322739
  ...
# Subtest: Evidence validator rejects stale ids, traversal, invalid pages and malformed PDF bboxes
ok 31 - Evidence validator rejects stale ids, traversal, invalid pages and malformed PDF bboxes
  ---
  duration_ms: 0.94028
  ...
# Subtest: Evidence client performs GET with omitted credentials and no-store, and maps a missing source to non-retryable
ok 32 - Evidence client performs GET with omitted credentials and no-store, and maps a missing source to non-retryable
  ---
  duration_ms: 2.47009
  ...
# Subtest: PDF locator highlights only an API bbox or an exact quote on the cited page
ok 33 - PDF locator highlights only an API bbox or an exact quote on the cited page
  ---
  duration_ms: 0.745571
  ...
# Subtest: Golden cache refuses TEST_FIXTURE_ONLY data and hash-mismatched stored runs
ok 34 - Golden cache refuses TEST_FIXTURE_ONLY data and hash-mismatched stored runs
  ---
  duration_ms: 59.378603
  ...
# Subtest: Unmatched Evidence stays viewable but cannot satisfy Verified Golden creation or reload
ok 35 - Unmatched Evidence stays viewable but cannot satisfy Verified Golden creation or reload
  ---
  duration_ms: 134.397326
  ...
# Subtest: Boardroom identity matcher rejects another simulation, request, dataVersion or scenario
ok 36 - Boardroom identity matcher rejects another simulation, request, dataVersion or scenario
  ---
  duration_ms: 0.697818
  ...
# Subtest: already-aborted Boardroom and Evidence signals fail closed before fetch is invoked
ok 37 - already-aborted Boardroom and Evidence signals fail closed before fetch is invoked
  ---
  duration_ms: 3.611345
  ...
# Subtest: Boardroom requires the response request-id header and envelope to exactly echo the outbound ID
ok 38 - Boardroom requires the response request-id header and envelope to exactly echo the outbound ID
  ---
  duration_ms: 2.452515
  ...
# Subtest: Evidence requires the response request-id header and envelope to exactly echo its outbound ID
ok 39 - Evidence requires the response request-id header and envelope to exactly echo its outbound ID
  ---
  duration_ms: 2.355188
  ...
# Subtest: syntactically valid but unsupported Evidence IDs remain a server-authoritative not-found response
ok 40 - syntactically valid but unsupported Evidence IDs remain a server-authoritative not-found response
  ---
  duration_ms: 0.795329
  ...
# Subtest: Evidence rejects a mutually consistent header/envelope that belongs to an older outbound request
ok 41 - Evidence rejects a mutually consistent header/envelope that belongs to an older outbound request
  ---
  duration_ms: 0.776117
  ...
# Subtest: a fresh browser with empty storage loads the complete same-origin static Golden and validates it
ok 42 - a fresh browser with empty storage loads the complete same-origin static Golden and validates it
  ---
  duration_ms: 127.912243
  ...
# Subtest: a valid browser cache takes precedence and does not make a network request
ok 43 - a valid browser cache takes precedence and does not make a network request
  ---
  duration_ms: 58.882071
  ...
# Subtest: a tampered local cache falls back to the immutable static record
ok 44 - a tampered local cache falls back to the immutable static record
  ---
  duration_ms: 84.743684
  ...
# Subtest: an invalid bundled record or non-JSON response is rejected rather than shown as verified
ok 45 - an invalid bundled record or non-JSON response is rejected rather than shown as verified
  ---
  duration_ms: 38.181361
  ...
# Subtest: the bundled Golden loader rejects non-same-origin URLs before fetching
ok 46 - the bundled Golden loader rejects non-same-origin URLs before fetching
  ---
  duration_ms: 0.524929
  ...
# Subtest: health endpoint follows the configured API origin and defaults to same-origin proxy
ok 47 - health endpoint follows the configured API origin and defaults to same-origin proxy
  ---
  duration_ms: 1.03188
  ...
# Subtest: static-only staging reports a missing public backend without sending a health request
ok 48 - static-only staging reports a missing public backend without sending a health request
  ---
  duration_ms: 6.348868
  ...
# Subtest: health probe is a credential-free no-store GET and accepts reachability without promoting pending gates
ok 49 - health probe is a credential-free no-store GET and accepts reachability without promoting pending gates
  ---
  duration_ms: 49.305692
  ...
# Subtest: health probe rejects non-ready and malformed responses
ok 50 - health probe rejects non-ready and malformed responses
  ---
  duration_ms: 1.306383
  ...
# Subtest: health probe reports a short timeout and aborts its request
ok 51 - health probe reports a short timeout and aborts its request
  ---
  duration_ms: 18.918915
  ...
# Subtest: initial health probe accepts a server that wakes after the previous short timeout
ok 52 - initial health probe accepts a server that wakes after the previous short timeout
  ---
  duration_ms: 2603.321628
  ...
# Subtest: actual backend reviewed v2 wire response validates without development opt-in
ok 53 - actual backend reviewed v2 wire response validates without development opt-in
  ---
  duration_ms: 102.350823
  ...
# Subtest: request builder preserves fixed options and maps shock, fractional risk, budget, seed and dataset
ok 54 - request builder preserves fixed options and maps shock, fractional risk, budget, seed and dataset
  ---
  duration_ms: 2.12073
  ...
# Subtest: test-only v1 fixture passes the strict envelope, matrix, accounting, delta and selection validator
ok 55 - test-only v1 fixture passes the strict envelope, matrix, accounting, delta and selection validator
  ---
  duration_ms: 11.911534
  ...
# Subtest: v2 development response requires explicit opt-in/headers and a complete non-approved trace
ok 56 - v2 development response requires explicit opt-in/headers and a complete non-approved trace
  ---
  duration_ms: 9.137202
  ...
# Subtest: validator rejects mock/zero-run/version/seed and inconsistent accounting, purchase, delta or winner
ok 57 - validator rejects mock/zero-run/version/seed and inconsistent accounting, purchase, delta or winner
  ---
  duration_ms: 2.685727
  ...
# Subtest: live Matrix recommendation styling derives from validated selections, not the response tone hint
ok 58 - live Matrix recommendation styling derives from validated selections, not the response tone hint
  ---
  duration_ms: 0.571664
  ...
# Subtest: HTTP client posts only to the configured v1 endpoint and accepts only a valid success envelope
ok 59 - HTTP client posts only to the configured v1 endpoint and accepts only a valid success envelope
  ---
  duration_ms: 0.951572
  ...
# Subtest: HTTP client opts into the marked v2 development adapter only when explicitly configured
ok 60 - HTTP client opts into the marked v2 development adapter only when explicitly configured
  ---
  duration_ms: 10.221372
  ...
# Subtest: HTTP errors stay errors and retain the API request ID instead of applying a saved row as live
ok 61 - HTTP errors stay errors and retain the API request ID instead of applying a saved row as live
  ---
  duration_ms: 0.966447
  ...
# Subtest: Configured Next lint root resolution does not evaluate externally supplied brace/glob patterns
ok 62 - Configured Next lint root resolution does not evaluate externally supplied brace/glob patterns
  ---
  duration_ms: 2.363367
  ...
1..62
# tests 62
# suites 0
# pass 62
# fail 0
# cancelled 0
# skipped 0
# todo 0
# duration_ms 3537.773555
