
> causora-day5-ding@0.5.0 typecheck
> tsc --noEmit


> causora-day5-ding@0.5.0 lint
> eslint . --max-warnings=0


> causora-day5-ding@0.5.0 build:previews
> node scripts/build-previews.mjs

Prepared the local PDF.js worker asset.
   ▲ Next.js 15.5.27

   Creating an optimized production build ...
 ✓ Compiled successfully in 5.4s
   Linting and checking validity of types ...
   Collecting page data ...
   Generating static pages (0/5) ...
   Generating static pages (1/5) 
   Generating static pages (2/5) 
   Generating static pages (3/5) 
 ✓ Generating static pages (5/5)
   Finalizing page optimization ...
   Collecting build traces ...
   Exporting (0/2) ...
 ✓ Exporting (2/2)

Route (app)                                 Size  First Load JS
┌ ○ /                                     105 kB         208 kB
├ ○ /_not-found                            992 B         104 kB
└ ○ /icon.svg                                0 B            0 B
+ First Load JS shared by all             103 kB
  ├ chunks/255-9acdc15b78d766e6.js       46.6 kB
  ├ chunks/4bd1b696-c023c6e3521b1417.js  54.2 kB
  └ other shared chunks (total)          1.98 kB


○  (Static)  prerendered as static content

Verified build selection: static -> builds/static
Prepared the local PDF.js worker asset.
   ▲ Next.js 15.5.27

   Creating an optimized production build ...
 ✓ Compiled successfully in 4.4s
   Linting and checking validity of types ...
   Collecting page data ...
   Generating static pages (0/5) ...
   Generating static pages (1/5) 
   Generating static pages (2/5) 
   Generating static pages (3/5) 
 ✓ Generating static pages (5/5)
   Finalizing page optimization ...
   Collecting build traces ...
   Exporting (0/2) ...
 ✓ Exporting (2/2)

Route (app)                                 Size  First Load JS
┌ ○ /                                     105 kB         208 kB
├ ○ /_not-found                            992 B         104 kB
└ ○ /icon.svg                                0 B            0 B
+ First Load JS shared by all             103 kB
  ├ chunks/255-9acdc15b78d766e6.js       46.6 kB
  ├ chunks/4bd1b696-c023c6e3521b1417.js  54.2 kB
  └ other shared chunks (total)          1.98 kB


○  (Static)  prerendered as static content

Verified build selection: live -> builds/live

> causora-day5-ding@0.5.0 test:production
> node --test tests/static-server.test.mjs

TAP version 13
# Subtest: Production preview serves correct source types and keeps source files private
ok 1 - Production preview serves correct source types and keeps source files private
  ---
  duration_ms: 209.22233
  ...
# Subtest: Same-origin preview forwards API bodies and gate headers; unavailable backend fails closed
ok 2 - Same-origin preview forwards API bodies and gate headers; unavailable backend fails closed
  ---
  duration_ms: 164.00456
  ...
# Subtest: Static-only deployment blocks health/API proxying before reaching the configured backend
ok 3 - Static-only deployment blocks health/API proxying before reaching the configured backend
  ---
  duration_ms: 177.856696
  ...
1..3
# tests 3
# suites 0
# pass 3
# fail 0
# cancelled 0
# skipped 0
# todo 0
# duration_ms 754.272147
