# Terminal Full Output
# Terminal: sub-job_bbbiHrME-wangday5
# Command: log=../../verification/wang-day5/logs/backend-day5-wang-green.log; if /home/ubuntu/causora_day5/.venv/bin/python -m pytest tests/test_day5_wang_lifecycle.py -q -p no:cacheprovider >"$log" 2>&1; then status=0; else status=$?; fi; printf '\nEXIT_STATUS=%s\n' "$status" >>"$log"; printf '%s\n' "Saved $log (exit $status)"; cat "$log"; test "$status" -eq 0
# PID: 5412
# Timestamp: 2026-10-09_19-33-43.789131
# Original Length: 5701 characters
# ----------------------------------------

[32mubuntu@sandbox:~/causora_day5/main/Causora/frontend$ [0mlog=../../verification/wang-day5/logs/backend-day5-wang-green.log; if /home/ubuntu/causora_day5/.venv/bin/python -m pytest tests/test_day5_wang_lifecycle.py -q -p no:cacheprovider >"$log" 2>&1; then status=0; else status=$?; fi; printf '\nEXIT_STATUS=%s\n' "$status" >>"$log"; printf '%s\n' "Saved $log (exit $status)"; cat "$log"; test "$status" -eq 0
Saved ../../verification/wang-day5/logs/backend-day5-wang-green.log (exit 1)
F.F                                                                      [100%]
=================================== FAILURES ===================================
______ test_new_completed_simulation_rejects_an_old_inflight_ai_response _______
monkeypatch = <_pytest.monkeypatch.MonkeyPatch object at 0x7f179acac680>
tmp_path = PosixPath('/tmp/pytest-of-root/pytest-2/test_new_completed_simulation_0')
    def test_new_completed_simulation_rejects_an_old_inflight_ai_response(monkeypatch: pytest.MonkeyPatch, tmp_path: Path) -> None:
        """The post-AI current-run recheck must prevent a retired result from returning."""
        _configure_verified_fixture(monkeypatch, tmp_path)
        first = TestClient(service.app).post(
            "/api/simulate", json=REQUEST, headers={"X-Request-Id": "sim-first"}
        )
        assert first.status_code == 200
        old_request = _boardroom_payload(first.json())
        started = threading.Event()
        release = threading.Event()
        async def slow_local_only_pipeline(*_args, **_kwargs):
            started.set()
            await asyncio.to_thread(release.wait, 5)
            # The route must re-resolve the Boardroom request before it can serialize
            # this synthetic local-only return. It therefore cannot become a response.
            return {}, "primary", "complete"
        monkeypatch.setattr(adapter, "_run_formal_pipeline", slow_local_only_pipeline)
        received: dict[str, object] = {}
        def post_old_boardroom() -> None:
            response = TestClient(service.app).post(
                "/api/boardroom", json=old_request, headers={"X-Request-Id": "br-old-inflight"}
            )
            received["status"] = response.status_code
            received["body"] = response.json()
            received["headers"] = dict(response.headers)
        worker = threading.Thread(target=post_old_boardroom, daemon=True)
        worker.start()
        assert started.wait(5), "the local-only stand-in did not reach the awaited AI boundary"
        replacement = TestClient(service.app).post(
            "/api/simulate", json=_request_with_demand_drop(-15), headers={"X-Request-Id": "sim-replacement"}
        )
        assert replacement.status_code == 200
        replacement_simulation_id = replacement.json()["data"]["simulation"]["simulationId"]
>       assert replacement_simulation_id != old_request["simulationId"]
E       AssertionError: assert 'sim-838f9f48b79e87a86830429f' != 'sim-838f9f48b79e87a86830429f'
tests/test_day5_wang_lifecycle.py:90: AssertionError
_ test_no_feasible_option_skips_provider_dispatch_and_returns_no_recommendation _
monkeypatch = <_pytest.monkeypatch.MonkeyPatch object at 0x7f179822bb30>
tmp_path = PosixPath('/tmp/pytest-of-root/pytest-2/test_no_feasible_option_skips_0')
    def test_no_feasible_option_skips_provider_dispatch_and_returns_no_recommendation(monkeypatch: pytest.MonkeyPatch, tmp_path: Path) -> None:
        """No-feasible formal requests run the real local branch but dispatch no provider."""
        _configure_verified_fixture(monkeypatch, tmp_path)
        impossible = copy.deepcopy(REQUEST)
        impossible["riskThreshold"] = 0
        impossible["budgetCeilingUsd"] = 0
        for scenario in impossible["scenarios"]:
            scenario["demandShock"] = -100
            scenario["demandUnits24m"] = 0
        client = TestClient(service.app)
        simulated = client.post("/api/simulate", json=impossible, headers={"X-Request-Id": "sim-no-feasible"})
        assert simulated.status_code == 200
        body = simulated.json()
        assert body["data"]["selections"]["baseline"]["status"] == "no_feasible_option"
        def unexpected_provider_dispatch(*_args, **_kwargs):
            raise AssertionError("No-feasible Boardroom path must not initialise or dispatch an AI provider")
        monkeypatch.setattr(adapter, "_load_formal_runtime", unexpected_provider_dispatch)
        boardroom = client.post(
            "/api/boardroom", json=_boardroom_payload(body), headers={"X-Request-Id": "br-no-feasible"}
        )
>       assert boardroom.status_code == 200
E       assert 503 == 200
E        +  where 503 = <Response [503 Service Unavailable]>.status_code
tests/test_day5_wang_lifecycle.py:157: AssertionError
=============================== warnings summary ===============================
../../../../.venv/lib/python3.12/site-packages/fastapi/testclient.py:1
  /home/ubuntu/causora_day5/.venv/lib/python3.12/site-packages/fastapi/testclient.py:1: StarletteDeprecationWarning: Using `httpx` with `starlette.testclient` is deprecated; install `httpx2` instead.
    from starlette.testclient import TestClient as TestClient  # noqa
-- Docs: https://docs.pytest.org/en/stable/how-to/capture-warnings.html
=========================== short test summary info ============================
FAILED tests/test_day5_wang_lifecycle.py::test_new_completed_simulation_rejects_an_old_inflight_ai_response
FAILED tests/test_day5_wang_lifecycle.py::test_no_feasible_option_skips_provider_dispatch_and_returns_no_recommendation
2 failed, 1 passed, 1 warning in 3.77s
EXIT_STATUS=1
[32mubuntu@sandbox:~/causora_day5/main/Causora/backend/backend$ [0m