
> causora-day5-ding@0.5.0 build:previews
> node scripts/build-previews.mjs

Prepared the local PDF.js worker asset.
Attention: Next.js now collects completely anonymous telemetry regarding usage.
This information is used to shape Next.js' roadmap and prioritize features.
You can learn more, including how to opt-out if you'd not like to participate in this anonymous program, by visiting the following URL:
https://nextjs.org/telemetry

   ▲ Next.js 15.5.27

   Creating an optimized production build ...
 ✓ Compiled successfully in 12.2s
   Linting and checking validity of types ...
   Collecting page data ...
   Generating static pages (0/5) ...
   Generating static pages (1/5) 
   Generating static pages (2/5) 
   Generating static pages (3/5) 
 ✓ Generating static pages (5/5)
   Finalizing page optimization ...
   Collecting build traces ...
   Exporting (0/2) ...
 ✓ Exporting (2/2)

Route (app)                                 Size  First Load JS
┌ ○ /                                     105 kB         208 kB
├ ○ /_not-found                            992 B         104 kB
└ ○ /icon.svg                                0 B            0 B
+ First Load JS shared by all             103 kB
  ├ chunks/255-9acdc15b78d766e6.js       46.6 kB
  ├ chunks/4bd1b696-c023c6e3521b1417.js  54.2 kB
  └ other shared chunks (total)          1.98 kB


○  (Static)  prerendered as static content

Verified build selection: static -> builds/static
Prepared the local PDF.js worker asset.
   ▲ Next.js 15.5.27

   Creating an optimized production build ...
 ✓ Compiled successfully in 5.6s
   Linting and checking validity of types ...
   Collecting page data ...
   Generating static pages (0/5) ...
   Generating static pages (1/5) 
   Generating static pages (2/5) 
   Generating static pages (3/5) 
 ✓ Generating static pages (5/5)
   Finalizing page optimization ...
   Collecting build traces ...
   Exporting (0/2) ...
 ✓ Exporting (2/2)

Route (app)                                 Size  First Load JS
┌ ○ /                                     105 kB         208 kB
├ ○ /_not-found                            992 B         104 kB
└ ○ /icon.svg                                0 B            0 B
+ First Load JS shared by all             103 kB
  ├ chunks/255-9acdc15b78d766e6.js       46.6 kB
  ├ chunks/4bd1b696-c023c6e3521b1417.js  54.2 kB
  └ other shared chunks (total)          1.98 kB


○  (Static)  prerendered as static content

Verified build selection: live -> builds/live
