
> causora-day4-ding@0.4.0 check
> npm run typecheck && npm run lint && npm test && npm run build && npm run test:production


> causora-day4-ding@0.4.0 typecheck
> tsc --noEmit


> causora-day4-ding@0.4.0 lint
> eslint . --max-warnings=0


> causora-day4-ding@0.4.0 test
> node --test tests/day1-flow.test.mjs tests/day2-ux.test.mjs tests/simulate-api.test.mjs tests/day4-api.test.mjs tests/golden-health.test.mjs

TAP version 13
# Subtest: Contract version and all five stages have the required data
ok 1 - Contract version and all five stages have the required data
  ---
  duration_ms: 2.61352
  ...
# Subtest: Four synthetic source files and the notice register are real packaged artifacts
ok 2 - Four synthetic source files and the notice register are real packaged artifacts
  ---
  duration_ms: 1.187224
  ...
# Subtest: All evidence quotes contain their critical values; EV-019 maps to a variable
ok 3 - All evidence quotes contain their critical values; EV-019 maps to a variable
  ---
  duration_ms: 0.461065
  ...
# Subtest: All five EvidenceRecord quotes match their cited PDF page; wrong quote and page fail
ok 4 - All five EvidenceRecord quotes match their cited PDF page; wrong quote and page fail
  ---
  duration_ms: 168.102864
  ...
# Subtest: Renewal lock requires a real date inequality AND an explicit notice input
ok 5 - Renewal lock requires a real date inequality AND an explicit notice input
  ---
  duration_ms: 0.636354
  ...
# Subtest: Locked forecast mechanism is explicit and the Critic uses matching inputs
ok 6 - Locked forecast mechanism is explicit and the Critic uses matching inputs
  ---
  duration_ms: 0.523412
  ...
# Subtest: Every matrix has each fixed option exactly once and at most one recommended cell
ok 7 - Every matrix has each fixed option exactly once and at most one recommended cell
  ---
  duration_ms: 0.51161
  ...
# Subtest: All 9 formula traces add exactly to their cells without a double-counted uplift
ok 8 - All 9 formula traces add exactly to their cells without a double-counted uplift
  ---
  duration_ms: 0.456392
  ...
# Subtest: Decision Delta is calculated from each selected scenario, not a hard-coded baseline
ok 9 - Decision Delta is calculated from each selected scenario, not a hard-coded baseline
  ---
  duration_ms: 0.371915
  ...
# Subtest: Agent and Critic numerical claims are guarded tokens resolved against the contract
ok 10 - Agent and Critic numerical claims are guarded tokens resolved against the contract
  ---
  duration_ms: 19.538917
  ...
# Subtest: Golden Run is a complete independently serialised snapshot with a valid audit timestamp
ok 11 - Golden Run is a complete independently serialised snapshot with a valid audit timestamp
  ---
  duration_ms: 0.924788
  ...
# Subtest: Frozen workflow preserves Golden, labels unsimulated drafts and blocks stale live approval
ok 12 - Frozen workflow preserves Golden, labels unsimulated drafts and blocks stale live approval
  ---
  duration_ms: 0.615285
  ...
# Subtest: Formula modal identifies a scenario and option; dialog manages Tab, Escape and focus restore
ok 13 - Formula modal identifies a scenario and option; dialog manages Tab, Escape and focus restore
  ---
  duration_ms: 0.330166
  ...
# Subtest: Static start command and mobile status display work without a live backend
ok 14 - Static start command and mobile status display work without a live backend
  ---
  duration_ms: 8.207423
  ...
# Subtest: Runtime validation rejects unknown versions, malformed types and inconsistent accounting
ok 15 - Runtime validation rejects unknown versions, malformed types and inconsistent accounting
  ---
  duration_ms: 7.022452
  ...
# Subtest: Fractional probability differences keep precision; money preserves non-round values
ok 16 - Fractional probability differences keep precision; money preserves non-round values
  ---
  duration_ms: 0.390149
  ...
# Subtest: Guarded text handles cost increases, equality and unbound numbers
ok 17 - Guarded text handles cost increases, equality and unbound numbers
  ---
  duration_ms: 0.875945
  ...
# Subtest: Per-scenario selection, inclusive limits, deterministic ties and no-feasible Brief
ok 18 - Per-scenario selection, inclusive limits, deterministic ties and no-feasible Brief
  ---
  duration_ms: 1.912684
  ...
# Subtest: Golden integrity verification rejects tampering
ok 19 - Golden integrity verification rejects tampering
  ---
  duration_ms: 7.575852
  ...
# Subtest: Synthetic forecast provenance and rolling benchmark remain distinct from total excess
ok 20 - Synthetic forecast provenance and rolling benchmark remain distinct from total excess
  ---
  duration_ms: 0.544579
  ...
# Subtest: Day4 preserves validated live simulation while keeping the saved example explicitly labelled
ok 21 - Day4 preserves validated live simulation while keeping the saved example explicitly labelled
  ---
  duration_ms: 1.451136
  ...
# Subtest: Scenario and option meanings and all fixed Day2 option definitions remain unchanged
ok 22 - Scenario and option meanings and all fixed Day2 option definitions remain unchanged
  ---
  duration_ms: 1.487586
  ...
# Subtest: Risk and cash edits remain drafts until a new request; no stale approval is enabled
ok 23 - Risk and cash edits remain drafts until a new request; no stale approval is enabled
  ---
  duration_ms: 0.288659
  ...
# Subtest: Matrix browsing and option inspection are view-only and preserve the validated live run
ok 24 - Matrix browsing and option inspection are view-only and preserve the validated live run
  ---
  duration_ms: 0.374763
  ...
# Subtest: unreviewed v2 remains visibly non-decision-ready, has no winner styling, and traces weekly provenance
ok 25 - unreviewed v2 remains visibly non-decision-ready, has no winner styling, and traces weekly provenance
  ---
  duration_ms: 1.835049
  ...
# Subtest: Day1/Day2 shared v1 contract, data version, formula and scenario identities remain intact
ok 26 - Day1/Day2 shared v1 contract, data version, formula and scenario identities remain intact
  ---
  duration_ms: 0.949175
  ...
# Subtest: Boardroom success requires reviewed v2, exact run identity, correlated request id, three roles, Critic and Numeric Guardrail
ok 27 - Boardroom success requires reviewed v2, exact run identity, correlated request id, three roles, Critic and Numeric Guardrail
  ---
  duration_ms: 3.753583
  ...
# Subtest: Boardroom metric templates are declared and rendered from the matching Simulation
ok 28 - Boardroom metric templates are declared and rendered from the matching Simulation
  ---
  duration_ms: 24.111057
  ...
# Subtest: Boardroom client posts only v1 identity with no credentials, no-store, explicit request id, and classifies missing endpoint
ok 29 - Boardroom client posts only v1 identity with no credentials, no-store, explicit request id, and classifies missing endpoint
  ---
  duration_ms: 10.56114
  ...
# Subtest: Critic-unavailable and provider failures preserve retry classification without altering simulation
ok 30 - Critic-unavailable and provider failures preserve retry classification without altering simulation
  ---
  duration_ms: 1.32024
  ...
# Subtest: Evidence validator rejects stale ids, traversal, invalid pages and malformed PDF bboxes
ok 31 - Evidence validator rejects stale ids, traversal, invalid pages and malformed PDF bboxes
  ---
  duration_ms: 0.985476
  ...
# Subtest: Evidence client performs GET with omitted credentials and no-store, and maps a missing source to non-retryable
ok 32 - Evidence client performs GET with omitted credentials and no-store, and maps a missing source to non-retryable
  ---
  duration_ms: 2.474525
  ...
# Subtest: PDF locator highlights only an API bbox or an exact quote on the cited page
ok 33 - PDF locator highlights only an API bbox or an exact quote on the cited page
  ---
  duration_ms: 0.721169
  ...
# Subtest: Golden cache refuses TEST_FIXTURE_ONLY data and hash-mismatched stored runs
ok 34 - Golden cache refuses TEST_FIXTURE_ONLY data and hash-mismatched stored runs
  ---
  duration_ms: 54.823812
  ...
# Subtest: Unmatched Evidence stays viewable but cannot satisfy Verified Golden creation or reload
ok 35 - Unmatched Evidence stays viewable but cannot satisfy Verified Golden creation or reload
  ---
  duration_ms: 133.940314
  ...
# Subtest: Boardroom identity matcher rejects another simulation, request, dataVersion or scenario
ok 36 - Boardroom identity matcher rejects another simulation, request, dataVersion or scenario
  ---
  duration_ms: 0.694654
  ...
# Subtest: health endpoint follows the configured API origin and defaults to same-origin proxy
ok 37 - health endpoint follows the configured API origin and defaults to same-origin proxy
  ---
  duration_ms: 1.025999
  ...
# Subtest: health probe is a credential-free no-store GET and accepts reachability without promoting pending gates
ok 38 - health probe is a credential-free no-store GET and accepts reachability without promoting pending gates
  ---
  duration_ms: 55.713153
  ...
# Subtest: health probe rejects non-ready and malformed responses
ok 39 - health probe rejects non-ready and malformed responses
  ---
  duration_ms: 1.707965
  ...
# Subtest: health probe reports a short timeout and aborts its request
ok 40 - health probe reports a short timeout and aborts its request
  ---
  duration_ms: 19.775657
  ...
# Subtest: actual backend reviewed v2 wire response validates without development opt-in
ok 41 - actual backend reviewed v2 wire response validates without development opt-in
  ---
  duration_ms: 120.555305
  ...
# Subtest: request builder preserves fixed options and maps shock, fractional risk, budget, seed and dataset
ok 42 - request builder preserves fixed options and maps shock, fractional risk, budget, seed and dataset
  ---
  duration_ms: 2.365993
  ...
# Subtest: test-only v1 fixture passes the strict envelope, matrix, accounting, delta and selection validator
ok 43 - test-only v1 fixture passes the strict envelope, matrix, accounting, delta and selection validator
  ---
  duration_ms: 14.518629
  ...
# Subtest: v2 development response requires explicit opt-in/headers and a complete non-approved trace
ok 44 - v2 development response requires explicit opt-in/headers and a complete non-approved trace
  ---
  duration_ms: 8.73851
  ...
# Subtest: validator rejects mock/zero-run/version/seed and inconsistent accounting, purchase, delta or winner
ok 45 - validator rejects mock/zero-run/version/seed and inconsistent accounting, purchase, delta or winner
  ---
  duration_ms: 2.739575
  ...
# Subtest: live Matrix recommendation styling derives from validated selections, not the response tone hint
ok 46 - live Matrix recommendation styling derives from validated selections, not the response tone hint
  ---
  duration_ms: 0.575184
  ...
# Subtest: HTTP client posts only to the configured v1 endpoint and accepts only a valid success envelope
ok 47 - HTTP client posts only to the configured v1 endpoint and accepts only a valid success envelope
  ---
  duration_ms: 1.110929
  ...
# Subtest: HTTP client opts into the marked v2 development adapter only when explicitly configured
ok 48 - HTTP client opts into the marked v2 development adapter only when explicitly configured
  ---
  duration_ms: 7.022366
  ...
# Subtest: HTTP errors stay errors and retain the API request ID instead of applying a saved row as live
ok 49 - HTTP errors stay errors and retain the API request ID instead of applying a saved row as live
  ---
  duration_ms: 1.182264
  ...
1..49
# tests 49
# suites 0
# pass 49
# fail 0
# cancelled 0
# skipped 0
# todo 0
# duration_ms 3808.014755

> causora-day4-ding@0.4.0 prebuild
> node scripts/copy-pdf-worker.mjs

Prepared the local PDF.js worker asset.

> causora-day4-ding@0.4.0 build
> next build

   ▲ Next.js 15.5.27

   Creating an optimized production build ...
 ✓ Compiled successfully in 4.7s
   Linting and checking validity of types ...
   Collecting page data ...
   Generating static pages (0/5) ...
   Generating static pages (1/5) 
   Generating static pages (2/5) 
   Generating static pages (3/5) 
 ✓ Generating static pages (5/5)
   Finalizing page optimization ...
   Collecting build traces ...
   Exporting (0/2) ...
 ✓ Exporting (2/2)

Route (app)                                 Size  First Load JS
┌ ○ /                                     102 kB         205 kB
├ ○ /_not-found                            994 B         104 kB
└ ○ /icon.svg                                0 B            0 B
+ First Load JS shared by all             103 kB
  ├ chunks/255-9acdc15b78d766e6.js       46.6 kB
  ├ chunks/4bd1b696-c023c6e3521b1417.js  54.2 kB
  └ other shared chunks (total)          1.98 kB


○  (Static)  prerendered as static content


> causora-day4-ding@0.4.0 test:production
> node --test tests/static-server.test.mjs

TAP version 13
# Subtest: Production preview serves correct source types and keeps source files private
ok 1 - Production preview serves correct source types and keeps source files private
  ---
  duration_ms: 241.743429
  ...
1..1
# tests 1
# suites 0
# pass 1
# fail 0
# cancelled 0
# skipped 0
# todo 0
# duration_ms 387.360378
