
> causora-day4-ding@0.4.0 check
> npm run typecheck && npm run lint && npm test && npm run build && npm run test:production


> causora-day4-ding@0.4.0 typecheck
> tsc --noEmit


> causora-day4-ding@0.4.0 lint
> eslint . --max-warnings=0


> causora-day4-ding@0.4.0 test
> node --test tests/day1-flow.test.mjs tests/day2-ux.test.mjs tests/simulate-api.test.mjs tests/day4-api.test.mjs tests/golden-health.test.mjs tests/golden-bootstrap.test.mjs

TAP version 13
# Subtest: Contract version and all five stages have the required data
ok 1 - Contract version and all five stages have the required data
  ---
  duration_ms: 2.584145
  ...
# Subtest: Four synthetic source files and the notice register are real packaged artifacts
ok 2 - Four synthetic source files and the notice register are real packaged artifacts
  ---
  duration_ms: 1.301409
  ...
# Subtest: All evidence quotes contain their critical values; EV-019 maps to a variable
ok 3 - All evidence quotes contain their critical values; EV-019 maps to a variable
  ---
  duration_ms: 0.322892
  ...
# Subtest: All five EvidenceRecord quotes match their cited PDF page; wrong quote and page fail
ok 4 - All five EvidenceRecord quotes match their cited PDF page; wrong quote and page fail
  ---
  duration_ms: 164.62927
  ...
# Subtest: Renewal lock requires a real date inequality AND an explicit notice input
ok 5 - Renewal lock requires a real date inequality AND an explicit notice input
  ---
  duration_ms: 0.726323
  ...
# Subtest: Locked forecast mechanism is explicit and the Critic uses matching inputs
ok 6 - Locked forecast mechanism is explicit and the Critic uses matching inputs
  ---
  duration_ms: 0.46026
  ...
# Subtest: Every matrix has each fixed option exactly once and at most one recommended cell
ok 7 - Every matrix has each fixed option exactly once and at most one recommended cell
  ---
  duration_ms: 0.611517
  ...
# Subtest: All 9 formula traces add exactly to their cells without a double-counted uplift
ok 8 - All 9 formula traces add exactly to their cells without a double-counted uplift
  ---
  duration_ms: 0.452611
  ...
# Subtest: Decision Delta is calculated from each selected scenario, not a hard-coded baseline
ok 9 - Decision Delta is calculated from each selected scenario, not a hard-coded baseline
  ---
  duration_ms: 0.371311
  ...
# Subtest: Agent and Critic numerical claims are guarded tokens resolved against the contract
ok 10 - Agent and Critic numerical claims are guarded tokens resolved against the contract
  ---
  duration_ms: 20.001026
  ...
# Subtest: Golden Run is a complete independently serialised snapshot with a valid audit timestamp
ok 11 - Golden Run is a complete independently serialised snapshot with a valid audit timestamp
  ---
  duration_ms: 1.029218
  ...
# Subtest: Frozen workflow preserves Golden, labels unsimulated drafts and blocks stale live approval
ok 12 - Frozen workflow preserves Golden, labels unsimulated drafts and blocks stale live approval
  ---
  duration_ms: 0.809254
  ...
# Subtest: Formula modal identifies a scenario and option; dialog manages Tab, Escape and focus restore
ok 13 - Formula modal identifies a scenario and option; dialog manages Tab, Escape and focus restore
  ---
  duration_ms: 0.441257
  ...
# Subtest: Static start command and mobile status display work without a live backend
ok 14 - Static start command and mobile status display work without a live backend
  ---
  duration_ms: 1.994992
  ...
# Subtest: Runtime validation rejects unknown versions, malformed types and inconsistent accounting
ok 15 - Runtime validation rejects unknown versions, malformed types and inconsistent accounting
  ---
  duration_ms: 6.874974
  ...
# Subtest: Fractional probability differences keep precision; money preserves non-round values
ok 16 - Fractional probability differences keep precision; money preserves non-round values
  ---
  duration_ms: 0.423966
  ...
# Subtest: Guarded text handles cost increases, equality and unbound numbers
ok 17 - Guarded text handles cost increases, equality and unbound numbers
  ---
  duration_ms: 0.733823
  ...
# Subtest: Per-scenario selection, inclusive limits, deterministic ties and no-feasible Brief
ok 18 - Per-scenario selection, inclusive limits, deterministic ties and no-feasible Brief
  ---
  duration_ms: 1.715433
  ...
# Subtest: Golden integrity verification rejects tampering
ok 19 - Golden integrity verification rejects tampering
  ---
  duration_ms: 7.743329
  ...
# Subtest: Synthetic forecast provenance and rolling benchmark remain distinct from total excess
ok 20 - Synthetic forecast provenance and rolling benchmark remain distinct from total excess
  ---
  duration_ms: 0.630997
  ...
# Subtest: Day5 preserves validated live simulation while keeping the saved example explicitly labelled
ok 21 - Day5 preserves validated live simulation while keeping the saved example explicitly labelled
  ---
  duration_ms: 1.969532
  ...
# Subtest: Scenario and option meanings and all fixed Day2 option definitions remain unchanged
ok 22 - Scenario and option meanings and all fixed Day2 option definitions remain unchanged
  ---
  duration_ms: 2.249715
  ...
# Subtest: Risk and cash edits remain drafts until a new request; no stale approval is enabled
ok 23 - Risk and cash edits remain drafts until a new request; no stale approval is enabled
  ---
  duration_ms: 0.426156
  ...
# Subtest: Matrix browsing and option inspection are view-only and preserve the validated live run
ok 24 - Matrix browsing and option inspection are view-only and preserve the validated live run
  ---
  duration_ms: 0.605516
  ...
# Subtest: unreviewed v2 remains visibly non-decision-ready, has no winner styling, and traces weekly provenance
ok 25 - unreviewed v2 remains visibly non-decision-ready, has no winner styling, and traces weekly provenance
  ---
  duration_ms: 0.645333
  ...
# Subtest: Day1/Day2 shared v1 contract, data version, formula and scenario identities remain intact
ok 26 - Day1/Day2 shared v1 contract, data version, formula and scenario identities remain intact
  ---
  duration_ms: 2.806781
  ...
# Subtest: Boardroom success requires reviewed v2, exact run identity, correlated request id, three roles, Critic and Numeric Guardrail
ok 27 - Boardroom success requires reviewed v2, exact run identity, correlated request id, three roles, Critic and Numeric Guardrail
  ---
  duration_ms: 2.822045
  ...
# Subtest: Boardroom metric templates are declared and rendered from the matching Simulation
ok 28 - Boardroom metric templates are declared and rendered from the matching Simulation
  ---
  duration_ms: 42.470686
  ...
# Subtest: Boardroom client posts only v1 identity with no credentials, no-store, explicit request id, and classifies missing endpoint
ok 29 - Boardroom client posts only v1 identity with no credentials, no-store, explicit request id, and classifies missing endpoint
  ---
  duration_ms: 6.21952
  ...
# Subtest: Critic-unavailable and provider failures preserve retry classification without altering simulation
ok 30 - Critic-unavailable and provider failures preserve retry classification without altering simulation
  ---
  duration_ms: 1.506015
  ...
# Subtest: Evidence validator rejects stale ids, traversal, invalid pages and malformed PDF bboxes
ok 31 - Evidence validator rejects stale ids, traversal, invalid pages and malformed PDF bboxes
  ---
  duration_ms: 1.13527
  ...
# Subtest: Evidence client performs GET with omitted credentials and no-store, and maps a missing source to non-retryable
ok 32 - Evidence client performs GET with omitted credentials and no-store, and maps a missing source to non-retryable
  ---
  duration_ms: 2.973007
  ...
# Subtest: PDF locator highlights only an API bbox or an exact quote on the cited page
ok 33 - PDF locator highlights only an API bbox or an exact quote on the cited page
  ---
  duration_ms: 0.800348
  ...
# Subtest: Golden cache refuses TEST_FIXTURE_ONLY data and hash-mismatched stored runs
ok 34 - Golden cache refuses TEST_FIXTURE_ONLY data and hash-mismatched stored runs
  ---
  duration_ms: 60.985996
  ...
# Subtest: Unmatched Evidence stays viewable but cannot satisfy Verified Golden creation or reload
ok 35 - Unmatched Evidence stays viewable but cannot satisfy Verified Golden creation or reload
  ---
  duration_ms: 139.484391
  ...
# Subtest: Boardroom identity matcher rejects another simulation, request, dataVersion or scenario
ok 36 - Boardroom identity matcher rejects another simulation, request, dataVersion or scenario
  ---
  duration_ms: 0.732745
  ...
# Subtest: a fresh browser with empty storage loads the complete same-origin static Golden and validates it
ok 37 - a fresh browser with empty storage loads the complete same-origin static Golden and validates it
  ---
  duration_ms: 131.648699
  ...
# Subtest: a valid browser cache takes precedence and does not make a network request
ok 38 - a valid browser cache takes precedence and does not make a network request
  ---
  duration_ms: 56.783275
  ...
# Subtest: a tampered local cache falls back to the immutable static record
ok 39 - a tampered local cache falls back to the immutable static record
  ---
  duration_ms: 84.149295
  ...
# Subtest: an invalid bundled record or non-JSON response is rejected rather than shown as verified
ok 40 - an invalid bundled record or non-JSON response is rejected rather than shown as verified
  ---
  duration_ms: 42.539366
  ...
# Subtest: the bundled Golden loader rejects non-same-origin URLs before fetching
ok 41 - the bundled Golden loader rejects non-same-origin URLs before fetching
  ---
  duration_ms: 0.554178
  ...
# Subtest: health endpoint follows the configured API origin and defaults to same-origin proxy
ok 42 - health endpoint follows the configured API origin and defaults to same-origin proxy
  ---
  duration_ms: 1.113663
  ...
# Subtest: static-only staging reports a missing public backend without sending a health request
ok 43 - static-only staging reports a missing public backend without sending a health request
  ---
  duration_ms: 1.007968
  ...
# Subtest: health probe is a credential-free no-store GET and accepts reachability without promoting pending gates
ok 44 - health probe is a credential-free no-store GET and accepts reachability without promoting pending gates
  ---
  duration_ms: 48.303333
  ...
# Subtest: health probe rejects non-ready and malformed responses
ok 45 - health probe rejects non-ready and malformed responses
  ---
  duration_ms: 1.107158
  ...
# Subtest: health probe reports a short timeout and aborts its request
ok 46 - health probe reports a short timeout and aborts its request
  ---
  duration_ms: 15.089112
  ...
# Subtest: actual backend reviewed v2 wire response validates without development opt-in
ok 47 - actual backend reviewed v2 wire response validates without development opt-in
  ---
  duration_ms: 123.649176
  ...
# Subtest: request builder preserves fixed options and maps shock, fractional risk, budget, seed and dataset
ok 48 - request builder preserves fixed options and maps shock, fractional risk, budget, seed and dataset
  ---
  duration_ms: 2.344733
  ...
# Subtest: test-only v1 fixture passes the strict envelope, matrix, accounting, delta and selection validator
ok 49 - test-only v1 fixture passes the strict envelope, matrix, accounting, delta and selection validator
  ---
  duration_ms: 12.604517
  ...
# Subtest: v2 development response requires explicit opt-in/headers and a complete non-approved trace
ok 50 - v2 development response requires explicit opt-in/headers and a complete non-approved trace
  ---
  duration_ms: 8.175526
  ...
# Subtest: validator rejects mock/zero-run/version/seed and inconsistent accounting, purchase, delta or winner
ok 51 - validator rejects mock/zero-run/version/seed and inconsistent accounting, purchase, delta or winner
  ---
  duration_ms: 2.606602
  ...
# Subtest: live Matrix recommendation styling derives from validated selections, not the response tone hint
ok 52 - live Matrix recommendation styling derives from validated selections, not the response tone hint
  ---
  duration_ms: 0.555787
  ...
# Subtest: HTTP client posts only to the configured v1 endpoint and accepts only a valid success envelope
ok 53 - HTTP client posts only to the configured v1 endpoint and accepts only a valid success envelope
  ---
  duration_ms: 1.014905
  ...
# Subtest: HTTP client opts into the marked v2 development adapter only when explicitly configured
ok 54 - HTTP client opts into the marked v2 development adapter only when explicitly configured
  ---
  duration_ms: 8.215103
  ...
# Subtest: HTTP errors stay errors and retain the API request ID instead of applying a saved row as live
ok 55 - HTTP errors stay errors and retain the API request ID instead of applying a saved row as live
  ---
  duration_ms: 1.297822
  ...
1..55
# tests 55
# suites 0
# pass 55
# fail 0
# cancelled 0
# skipped 0
# todo 0
# duration_ms 2720.56495

> causora-day4-ding@0.4.0 prebuild
> node scripts/copy-pdf-worker.mjs

Prepared the local PDF.js worker asset.

> causora-day4-ding@0.4.0 build
> next build

   ▲ Next.js 15.5.27

   Creating an optimized production build ...
 ✓ Compiled successfully in 4.6s
   Linting and checking validity of types ...
   Collecting page data ...
   Generating static pages (0/5) ...
   Generating static pages (1/5) 
   Generating static pages (2/5) 
   Generating static pages (3/5) 
 ✓ Generating static pages (5/5)
   Finalizing page optimization ...
   Collecting build traces ...
   Exporting (0/2) ...
 ✓ Exporting (2/2)

Route (app)                                 Size  First Load JS
┌ ○ /                                     105 kB         208 kB
├ ○ /_not-found                            993 B         104 kB
└ ○ /icon.svg                                0 B            0 B
+ First Load JS shared by all             103 kB
  ├ chunks/255-9acdc15b78d766e6.js       46.6 kB
  ├ chunks/4bd1b696-c023c6e3521b1417.js  54.2 kB
  └ other shared chunks (total)          1.98 kB


○  (Static)  prerendered as static content


> causora-day4-ding@0.4.0 test:production
> node --test tests/static-server.test.mjs

TAP version 13
# Subtest: Production preview serves correct source types and keeps source files private
ok 1 - Production preview serves correct source types and keeps source files private
  ---
  duration_ms: 197.066885
  ...
# Subtest: Same-origin preview forwards API bodies and gate headers; unavailable backend fails closed
ok 2 - Same-origin preview forwards API bodies and gate headers; unavailable backend fails closed
  ---
  duration_ms: 147.283993
  ...
# Subtest: Static-only deployment blocks health/API proxying before reaching the configured backend
ok 3 - Static-only deployment blocks health/API proxying before reaching the configured backend
  ---
  duration_ms: 135.597285
  ...
1..3
# tests 3
# suites 0
# pass 3
# fail 0
# cancelled 0
# skipped 0
# todo 0
# duration_ms 627.806158
EXIT_STATUS=0
